cargo :    Compiling tauri v2.9.5
At line:1 char:159
+ ... onmentVariable("Path","User"); cd src-tauri; 
cargo build 2>&1 | Tee-O ...
+                                                  
~~~~~~~~~~~~~~~~
    + CategoryInfo          : NotSpecified: (   Compil 
   ing tauri v2.9.5:String) [], RemoteException
    + FullyQualifiedErrorId : NativeCommandError
 
   Compiling tailor v0.1.0 
(C:\Users\ARC\Dev\tailor\src-tauri)
   Compiling tauri-plugin-shell v2.3.3
error: proc macro panicked
  --> src\main.rs:48:14
   |
48 |         .run(tauri::generate_context!())
   |              ^^^^^^^^^^^^^^^^^^^^^^^^^^
   |
   = help: message: The `frontendDist` configuration 
is set to `"../dist"` but this path doesn't exist

warning: unused imports: `Manager` and `WebviewWindow`
 --> src\window_manager.rs:2:24
  |
2 | use tauri::{AppHandle, WebviewWindow, 
WebviewWindowBuilder, Manager};
  |                        ^^^^^^^^^^^^^               
         ^^^^^^^
  |
  = note: `#[warn(unused_imports)]` (part of 
`#[warn(unused)]`) on by default

warning: unused import: `Path`
 --> src\dependency_checker.rs:1:17
  |
1 | use std::path::{Path, PathBuf};
  |                 ^^^^

warning: unused imports: 
`sidecar_manager::SidecarManager` and 
`window_manager::WindowManager`
 --> src\ipc_router.rs:1:23
  |
1 | use crate::{AppState, 
window_manager::WindowManager, 
sidecar_manager::SidecarManager, 
dependency_checker::DependencyChecker};
  |                       
^^^^^^^^^^^^^^^^^^^^^^^^^^^^^  
^^^^^^^^^^^^^^^^^^^^^^^^^^^^^^^

warning: unused import: `Manager`
 --> src\ipc_router.rs:2:24
  |
2 | use tauri::{AppHandle, Manager, State};
  |                        ^^^^^^^

warning: unused import: `mpsc`
 --> src\event_bus.rs:3:26
  |
3 | use tokio::sync::{Mutex, mpsc};
  |                          ^^^^

error[E0599]: no method named `emit` found for struct 
`tauri::WebviewWindow<R>` in the current scope
   --> src\event_bus.rs:81:20
    |
 81 |             window.emit("sidecar-event", event)
    |                    ^^^^
    |
   ::: C:\Users\ARC\.cargo\registry\src\index.crates.io
-1949cf8c6b5b557f\tauri-2.9.5\src\lib.rs:952:6
    |
952 |   fn emit<S: Serialize + Clone>(&self, event: 
&str, payload: S) -> Result<()> {
    |      ---- the method is available for 
`tauri::WebviewWindow` here
    |
    = help: items from traits can only be used if the 
trait is in scope
help: there is a method `emit_to` with a similar name, 
but with different arguments
   --> C:\Users\ARC\.cargo\registry\src\index.crates.io
-1949cf8c6b5b557f\tauri-2.9.5\src\lib.rs:987:3
    |
987 | /   fn emit_to<I, S>(&self, target: I, event: 
&str, payload: S) -> Result<()>
988 | |   where
989 | |     I: Into<EventTarget>,
990 | |     S: Serialize + Clone,
    | |_________________________^
help: trait `Emitter` which provides `emit` is 
implemented but not in scope; perhaps you want to 
import it
    |
  1 + use tauri::Emitter;
    |

error[E0277]: the trait bound `WindowManager: 
std::default::Default` is not satisfied
  --> src\main.rs:20:5
   |
18 | #[derive(Default)]
   |          ------- in this derive macro expansion
19 | struct AppState {
20 |     window_manager: Arc<Mutex<WindowManager>>,
   |     ^^^^^^^^^^^^^^^^^^^^^^^^^^^^^^^^^^^^^^^^^ the 
trait `std::default::Default` is not implemented for 
`WindowManager`
   |
   = help: the following other types implement trait 
`std::default::Default`:
             Arc<CStr>
             Arc<T>
             Arc<[T]>
             Arc<str>
   = note: required for 
`tauri::async_runtime::Mutex<WindowManager>` to 
implement `std::default::Default`
   = note: 1 redundant requirement hidden
   = note: required for 
`Arc<tauri::async_runtime::Mutex<WindowManager>>` to 
implement `std::default::Default`
help: consider annotating `WindowManager` with 
`#[derive(Default)]`
  --> src\window_manager.rs:5:1
   |
 5 + #[derive(Default)]
 6 | pub struct WindowManager {
   |

error[E0277]: the trait bound `SidecarManager: 
std::default::Default` is not satisfied
  --> src\main.rs:21:5
   |
18 | #[derive(Default)]
   |          ------- in this derive macro expansion
...
21 |     sidecar_manager: Arc<SidecarManager>,
   |     ^^^^^^^^^^^^^^^^^^^^^^^^^^^^^^^^^^^^ the 
trait `std::default::Default` is not implemented for 
`SidecarManager`
   |
   = help: the following other types implement trait 
`std::default::Default`:
             Arc<CStr>
             Arc<T>
             Arc<[T]>
             Arc<str>
   = note: required for `Arc<SidecarManager>` to 
implement `std::default::Default`
help: consider annotating `SidecarManager` with 
`#[derive(Default)]`
  --> src\sidecar_manager.rs:13:1
   |
13 + #[derive(Default)]
14 | pub struct SidecarManager {
   |

error[E0277]: the trait bound `EventBus: 
std::default::Default` is not satisfied
  --> src\main.rs:22:5
   |
18 | #[derive(Default)]
   |          ------- in this derive macro expansion
...
22 |     event_bus: Arc<EventBus>,
   |     ^^^^^^^^^^^^^^^^^^^^^^^^ the trait 
`std::default::Default` is not implemented for 
`EventBus`
   |
   = help: the following other types implement trait 
`std::default::Default`:
             Arc<CStr>
             Arc<T>
             Arc<[T]>
             Arc<str>
   = note: required for `Arc<EventBus>` to implement 
`std::default::Default`
help: consider annotating `EventBus` with 
`#[derive(Default)]`
  --> src\event_bus.rs:23:1
   |
23 + #[derive(Default)]
24 | pub struct EventBus {
   |

warning: unused variable: `window`
  --> src\window_manager.rs:26:13
   |
26 |         let window = WebviewWindowBuilder::new(
   |             ^^^^^^ help: if this is intentional, 
prefix it with an underscore: `_window`
   |
   = note: `#[warn(unused_variables)]` (part of 
`#[warn(unused)]`) on by default

Some errors have detailed explanations: E0277, E0599.
For more information about an error, try `rustc 
--explain E0277`.
warning: `tailor` (bin "tailor") generated 6 warnings
error: could not compile `tailor` (bin "tailor") due 
to 5 previous errors; 6 warnings emitted
